------------------------------------------------------------
TimeQuest Timing Analyzer Summary
------------------------------------------------------------

Type  : Slow 1100mV 85C Model Setup 'clk'
Slack : -32.818
TNS   : -865.700

Type  : Slow 1100mV 85C Model Setup '_1ms:one_ms|clk_out_reg'
Slack : -5.620
TNS   : -405.078

Type  : Slow 1100mV 85C Model Hold 'clk'
Slack : 0.174
TNS   : 0.000

Type  : Slow 1100mV 85C Model Hold '_1ms:one_ms|clk_out_reg'
Slack : 0.327
TNS   : 0.000

Type  : Slow 1100mV 85C Model Minimum Pulse Width 'clk'
Slack : -0.697
TNS   : -88.243

Type  : Slow 1100mV 85C Model Minimum Pulse Width '_1ms:one_ms|clk_out_reg'
Slack : -0.538
TNS   : -74.730

Type  : Slow 1100mV 0C Model Setup 'clk'
Slack : -34.816
TNS   : -870.541

Type  : Slow 1100mV 0C Model Setup '_1ms:one_ms|clk_out_reg'
Slack : -5.747
TNS   : -411.054

Type  : Slow 1100mV 0C Model Hold 'clk'
Slack : 0.034
TNS   : 0.000

Type  : Slow 1100mV 0C Model Hold '_1ms:one_ms|clk_out_reg'
Slack : 0.340
TNS   : 0.000

Type  : Slow 1100mV 0C Model Minimum Pulse Width 'clk'
Slack : -0.761
TNS   : -89.903

Type  : Slow 1100mV 0C Model Minimum Pulse Width '_1ms:one_ms|clk_out_reg'
Slack : -0.538
TNS   : -74.008

Type  : Fast 1100mV 85C Model Setup 'clk'
Slack : -14.883
TNS   : -401.487

Type  : Fast 1100mV 85C Model Setup '_1ms:one_ms|clk_out_reg'
Slack : -2.508
TNS   : -171.331

Type  : Fast 1100mV 85C Model Hold 'clk'
Slack : -0.061
TNS   : -0.061

Type  : Fast 1100mV 85C Model Hold '_1ms:one_ms|clk_out_reg'
Slack : 0.086
TNS   : 0.000

Type  : Fast 1100mV 85C Model Minimum Pulse Width 'clk'
Slack : -0.655
TNS   : -11.243

Type  : Fast 1100mV 85C Model Minimum Pulse Width '_1ms:one_ms|clk_out_reg'
Slack : -0.111
TNS   : -1.087

Type  : Fast 1100mV 0C Model Setup 'clk'
Slack : -13.944
TNS   : -353.439

Type  : Fast 1100mV 0C Model Setup '_1ms:one_ms|clk_out_reg'
Slack : -2.335
TNS   : -158.275

Type  : Fast 1100mV 0C Model Hold 'clk'
Slack : -0.143
TNS   : -0.275

Type  : Fast 1100mV 0C Model Hold '_1ms:one_ms|clk_out_reg'
Slack : 0.076
TNS   : 0.000

Type  : Fast 1100mV 0C Model Minimum Pulse Width 'clk'
Slack : -0.632
TNS   : -11.356

Type  : Fast 1100mV 0C Model Minimum Pulse Width '_1ms:one_ms|clk_out_reg'
Slack : -0.048
TNS   : -0.290

------------------------------------------------------------
